================ CODE SIZE (x86_64, reference-C PQClean + OpenSSL EVP) ================
time: 2026-06-02T04:26:26Z

binary                           text     data      bss total(dec)
benchmark_mlkem                 48395     1008      568      49971
benchmark_mldsa                 69227     1032      568      70827
benchmark_aes                    9157      936      568      10661

--- libpqc.a (PQClean reference, 6 param-set) ---
   text	   data	    bss	    dec	    hex	filename
   7950	      0	      0	   7950	   1f0e	common_aes.o (ex build/libpqc.a)
  10437	      0	      0	  10437	   28c5	common_fips202.o (ex build/libpqc.a)
    545	      0	      0	    545	    221	common_nistseedexpander.o (ex build/libpqc.a)
    250	      0	      0	    250	     fa	common_randombytes.o (ex build/libpqc.a)
  32931	      0	      0	  32931	   80a3	common_sha2.o (ex build/libpqc.a)
   2094	      0	      0	   2094	    82e	common_sp800-185.o (ex build/libpqc.a)
   1800	      0	      0	   1800	    708	mldsa44_ntt.o (ex build/libpqc.a)
   1687	      0	      0	   1687	    697	mldsa44_packing.o (ex build/libpqc.a)
   5385	      0	      0	   5385	   1509	mldsa44_poly.o (ex build/libpqc.a)
   3320	      0	      0	   3320	    cf8	mldsa44_polyvec.o (ex build/libpqc.a)
    282	      0	      0	    282	    11a	mldsa44_reduce.o (ex build/libpqc.a)
    399	      0	      0	    399	    18f	mldsa44_rounding.o (ex build/libpqc.a)
   3410	      0	      0	   3410	    d52	mldsa44_sign.o (ex build/libpqc.a)
    368	      0	      0	    368	    170	mldsa44_symmetric-shake.o (ex build/libpqc.a)
   1800	      0	      0	   1800	    708	mldsa65_ntt.o (ex build/libpqc.a)
   1735	      0	      0	   1735	    6c7	mldsa65_packing.o (ex build/libpqc.a)
   4739	      0	      0	   4739	   1283	mldsa65_poly.o (ex build/libpqc.a)
   3432	      0	      0	   3432	    d68	mldsa65_polyvec.o (ex build/libpqc.a)
    282	      0	      0	    282	    11a	mldsa65_reduce.o (ex build/libpqc.a)

--- per-scheme object sizes (text bytes) ---
  mlkem512: 9546 bytes .text
  mlkem768: 9747 bytes .text
  mlkem1024: 10678 bytes .text
  mldsa44: 16651 bytes .text
  mldsa65: 16133 bytes .text
  mldsa87: 16477 bytes .text
